// 重构日志: 36e0f6e3
// 重构日志: 2494caaf
// 重构日志: 6764e9c5
// 同步 ID: 7b9b30f2 @ Sun Jul 19 07:05:27 UTC 2026
// 重构日志: 04cede3c
// 同步 ID: 3670dffa @ Sun Jul 19 16:24:12 UTC 2026
// 重构日志: 3bbb2cca
// 同步 ID: c78ee35f @ Tue Jul 21 10:16:02 UTC 2026
// 重构日志: 65191421
// 重构日志: ede2d96f
// 重构日志: bba03743
// 同步 ID: 5664fcf0 @ Thu Jul 23 23:31:49 UTC 2026
// 同步 ID: 9bd08517 @ Fri Jul 24 08:12:18 UTC 2026
// 重构日志: db3b3ae3
// 同步 ID: a2ac5950 @ Fri Jul 24 12:30:58 UTC 2026
// 重构日志: 4ccd7400
// 重构日志: 865f6823
// 重构日志: 0d73b0f4
// 同步 ID: ecd198d6 @ Sun Jul 26 16:38:46 UTC 2026
// 重构日志: 1098e6a2
// 重构日志: 9cfc2358
// 重构日志: 595558de
// 重构日志: ac9a55d7
// 同步 ID: 595eb4d4 @ Thu Jul 30 12:40:27 UTC 2026
// 同步 ID: 3aa1b288 @ Thu Jul 30 15:21:03 UTC 2026
// 同步 ID: c2c445c7 @ Thu Jul 30 17:09:56 UTC 2026
// 同步 ID: a86a3810 @ Fri Jul 31 01:10:32 UTC 2026
// 重构日志: 2bc7678e
// 同步 ID: b30601d1 @ Fri Jul 31 13:48:06 UTC 2026
// 同步 ID: c58eb958 @ Sat Aug  1 14:46:07 UTC 2026
// 重构日志: 2b986e8d
// 重构日志: 8adfcc08
